// Jest Snapshot v1, https://goo.gl/fbAQLP

exports[`<Home /> renders initial UI 1`] = `
<div>
  <h1
    className="eBQaql"
  >
    Home
  </h1>
</div>
`;
